// Jest Snapshot v1, https://goo.gl/fbAQLP

exports[`test/parser/imports.oi 1`] = `
Array [
  Array [
    Array [
      Object {
        "imported": Object {
          "name": "underscore",
        },
        "package": Object {
          "name": "lodash",
        },
        "type": "IMPORT",
      },
    ],
  ],
]
`;
